TAP version 13
# Subtest: missing component price cannot produce complete total
ok 1 - missing component price cannot produce complete total
  ---
  duration_ms: 2.9704
  type: 'test'
  ...
# Subtest: all known prices conserve order totals
ok 2 - all known prices conserve order totals
  ---
  duration_ms: 0.2372
  type: 'test'
  ...
# Subtest: global cost is applied once
ok 3 - global cost is applied once
  ---
  duration_ms: 0.2537
  type: 'test'
  ...
# Subtest: explicitly confirmed zero remains known
ok 4 - explicitly confirmed zero remains known
  ---
  duration_ms: 0.2171
  type: 'test'
  ...
# Subtest: invalid/unconfirmed price is unavailable: 0
ok 5 - invalid/unconfirmed price is unavailable: 0
  ---
  duration_ms: 0.324
  type: 'test'
  ...
# Subtest: invalid/unconfirmed price is unavailable: -10
ok 6 - invalid/unconfirmed price is unavailable: -10
  ---
  duration_ms: 0.1115
  type: 'test'
  ...
# Subtest: invalid/unconfirmed price is unavailable: NaN
ok 7 - invalid/unconfirmed price is unavailable: NaN
  ---
  duration_ms: 0.148
  type: 'test'
  ...
# Subtest: invalid/unconfirmed price is unavailable: Infinity
ok 8 - invalid/unconfirmed price is unavailable: Infinity
  ---
  duration_ms: 0.1367
  type: 'test'
  ...
# Subtest: invalid/unconfirmed price is unavailable: 5
ok 9 - invalid/unconfirmed price is unavailable: 5
  ---
  duration_ms: 0.1574
  type: 'test'
  ...
# Subtest: invalid/unconfirmed price is unavailable: false
ok 10 - invalid/unconfirmed price is unavailable: false
  ---
  duration_ms: 0.2048
  type: 'test'
  ...
# Subtest: blank explicit price column stays unknown
ok 11 - blank explicit price column stays unknown
  ---
  duration_ms: 4.1848
  type: 'test'
  ...
# Subtest: negative parsed price is not converted to positive
ok 12 - negative parsed price is not converted to positive
  ---
  duration_ms: 0.6587
  type: 'test'
  ...
# Subtest: known service parent contract zero stays confirmed
ok 13 - known service parent contract zero stays confirmed
  ---
  duration_ms: 0.179
  type: 'test'
  ...
# Subtest: normalization preserves unknown extended price
ok 14 - normalization preserves unknown extended price
  ---
  duration_ms: 0.1116
  type: 'test'
  ...
# Subtest: real grouped XLSX roundtrip preserves unknown and confirmed zero
ok 15 - real grouped XLSX roundtrip preserves unknown and confirmed zero
  ---
  duration_ms: 30.9314
  type: 'test'
  ...
# Subtest: Markdown incomplete candidate does not fall back to estimated total
not ok 16 - Markdown incomplete candidate does not fall back to estimated total
  ---
  duration_ms: 26.748
  type: 'test'
  location: 'C:\\Users\\latha\\AppData\\Local\\Temp\\codex-pricing-independent-20261009\\review.cjs:20:1'
  failureType: 'testCodeFailure'
  error: |-
    The input did not match the regular expression /INCOMPLETE/i. Input:
    
    '## 1. Workload Fingerprint & Intent Analysis  \n' +
      '- **Detected Chassis Variant**: `Unknown`  \n' +
      '- **Primary Workload DNA**: `Balanced Enterprise`  \n' +
      '- **Rules Loaded Source**: `Unknown_Catalog.json` (Dual Safety Net)  \n' +
      '\n' +
      '### 🏆 2.6 Workload DNA Profile & Top 5 Strategic Resolution Matrix\n' +
      '\n' +
      '- **Inferred Workload DNA Profile**: `Balanced Enterprise`  \n' +
      '- **CPU / Core Density**: `0 Total Cores` (Max Freq: `0 GHz`)  \n' +
      '- **Memory Density Ratio**: `0 GB Total RAM` (`0 GB/Core`)  \n' +
      '- **Storage I/O Profile**: `READ_INTENSIVE (SATA/NVMe)`  \n' +
      '\n' +
      '| Rank | Solution Tier Name | Score | Est. Cost (USD) | Workload Match | SKU Mods | Technical Tradeoff Rationale |\n' +
      '|---|---|---|---|---|---|---|\n' +
      '| **Rank 1** | partial | `N/A` | $9,999 | N/A | 0 | N/A |\n' +
      '\n'
    
  code: 'ERR_ASSERTION'
  name: 'AssertionError'
  expected:
  actual: |-
    ## 1. Workload Fingerprint & Intent Analysis  
    - **Detected Chassis Variant**: `Unknown`  
    - **Primary Workload DNA**: `Balanced Enterprise`  
    - **Rules Loaded Source**: `Unknown_Catalog.json` (Dual Safety Net)  
    
    ### 🏆 2.6 Workload DNA Profile & Top 5 Strategic Resolution Matrix
    
    - **Inferred Workload DNA Profile**: `Balanced Enterprise`  
    - **CPU / Core Density**: `0 Total Cores` (Max Freq: `0 GHz`)  
    - **Memory Density Ratio**: `0 GB Total RAM` (`0 GB/Core`)  
    - **Storage I/O Profile**: `READ_INTENSIVE (SATA/NVMe)`  
    
    | Rank | Solution Tier Name | Score | Est. Cost (USD) | Workload Match | SKU Mods | Technical Tradeoff Rationale |
    |---|---|---|---|---|---|---|
    | **Rank 1** | partial | `N/A` | $9,999 | N/A | 0 | N/A |
    
    
  operator: 'match'
  stack: |-
    TestContext.<anonymous> (C:\Users\latha\AppData\Local\Temp\codex-pricing-independent-20261009\review.cjs:20:601)
    Test.runInAsyncScope (node:async_hooks:227:14)
    Test.run (node:internal/test_runner/test:1382:25)
    Test.processPendingSubtests (node:internal/test_runner/test:960:18)
    Test.postRun (node:internal/test_runner/test:1522:19)
    Test.run (node:internal/test_runner/test:1447:12)
    async Test.processPendingSubtests (node:internal/test_runner/test:960:7)
  ...
1..16
# tests 16
# suites 0
# pass 15
# fail 1
# cancelled 0
# skipped 0
# todo 0
# duration_ms 296.4738
