TAP version 13
# Subtest: frozen CP8a characterizes child ACTION_REQUIRED/nonzero mislabel and absent error completion
ok 1 - frozen CP8a characterizes child ACTION_REQUIRED/nonzero mislabel and absent error completion
  ---
  duration_ms: 4.1242
  type: 'test'
  ...
# Subtest: 2 nodes conserve order totals through actual parser/context exactly once
not ok 2 - 2 nodes conserve order totals through actual parser/context exactly once
  ---
  duration_ms: 145.0985
  type: 'test'
  location: 'C:\\Users\\latha\\AppData\\Local\\Temp\\agy-pricing-implementation-20261009\\tests\\unit\\test_multi_grouped_continuation.js:66:33'
  failureType: 'testCodeFailure'
  error: |-
    Expected values to be strictly equal:
    
    false !== true
    
  code: 'ERR_ASSERTION'
  name: 'AssertionError'
  expected: true
  actual: false
  operator: 'strictEqual'
  stack: |-
    TestContext.<anonymous> (C:\Users\latha\AppData\Local\Temp\agy-pricing-implementation-20261009\tests\unit\test_multi_grouped_continuation.js:76:10)
    Test.runInAsyncScope (node:async_hooks:227:14)
    Test.run (node:internal/test_runner/test:1382:25)
    Test.processPendingSubtests (node:internal/test_runner/test:960:18)
    Test.postRun (node:internal/test_runner/test:1522:19)
    Test.run (node:internal/test_runner/test:1447:12)
    async startSubtestAfterBootstrap (node:internal/test_runner/harness:387:3)
  ...
# Subtest: 9 nodes conserve order totals through actual parser/context exactly once
not ok 3 - 9 nodes conserve order totals through actual parser/context exactly once
  ---
  duration_ms: 53.7538
  type: 'test'
  location: 'C:\\Users\\latha\\AppData\\Local\\Temp\\agy-pricing-implementation-20261009\\tests\\unit\\test_multi_grouped_continuation.js:66:33'
  failureType: 'testCodeFailure'
  error: |-
    Expected values to be strictly equal:
    
    false !== true
    
  code: 'ERR_ASSERTION'
  name: 'AssertionError'
  expected: true
  actual: false
  operator: 'strictEqual'
  stack: |-
    TestContext.<anonymous> (C:\Users\latha\AppData\Local\Temp\agy-pricing-implementation-20261009\tests\unit\test_multi_grouped_continuation.js:76:10)
    Test.runInAsyncScope (node:async_hooks:227:14)
    Test.run (node:internal/test_runner/test:1382:25)
    Test.processPendingSubtests (node:internal/test_runner/test:960:18)
    Test.postRun (node:internal/test_runner/test:1522:19)
    Test.run (node:internal/test_runner/test:1447:12)
    async Test.processPendingSubtests (node:internal/test_runner/test:960:7)
  ...
# Subtest: 20 nodes conserve order totals through actual parser/context exactly once
not ok 4 - 20 nodes conserve order totals through actual parser/context exactly once
  ---
  duration_ms: 59.3542
  type: 'test'
  location: 'C:\\Users\\latha\\AppData\\Local\\Temp\\agy-pricing-implementation-20261009\\tests\\unit\\test_multi_grouped_continuation.js:66:33'
  failureType: 'testCodeFailure'
  error: |-
    Expected values to be strictly equal:
    
    false !== true
    
  code: 'ERR_ASSERTION'
  name: 'AssertionError'
  expected: true
  actual: false
  operator: 'strictEqual'
  stack: |-
    TestContext.<anonymous> (C:\Users\latha\AppData\Local\Temp\agy-pricing-implementation-20261009\tests\unit\test_multi_grouped_continuation.js:76:10)
    Test.runInAsyncScope (node:async_hooks:227:14)
    Test.run (node:internal/test_runner/test:1382:25)
    Test.processPendingSubtests (node:internal/test_runner/test:960:18)
    Test.postRun (node:internal/test_runner/test:1522:19)
    Test.run (node:internal/test_runner/test:1447:12)
    async Test.processPendingSubtests (node:internal/test_runner/test:960:7)
  ...
# Subtest: distinct explicit configurations inside one sheet retain every owner and source item index
ok 5 - distinct explicit configurations inside one sheet retain every owner and source item index
  ---
  duration_ms: 52.821
  type: 'test'
  ...
# Subtest: global order rows stay once while configured rows scale
ok 6 - global order rows stay once while configured rows scale
  ---
  duration_ms: 33.4873
  type: 'test'
  ...
# Subtest: ambiguous/nested/nondivisible group fails closed without guessed multiplier
ok 7 - ambiguous/nested/nondivisible group fails closed without guessed multiplier
  ---
  duration_ms: 16.4094
  type: 'test'
  ...
# Subtest: ambiguous/nested/nondivisible group fails closed without guessed multiplier
ok 8 - ambiguous/nested/nondivisible group fails closed without guessed multiplier
  ---
  duration_ms: 11.0687
  type: 'test'
  ...
# Subtest: ambiguous/nested/nondivisible group fails closed without guessed multiplier
ok 9 - ambiguous/nested/nondivisible group fails closed without guessed multiplier
  ---
  duration_ms: 11.9554
  type: 'test'
  ...
# Subtest: invalid and unresolved source rows are accounted diagnostic without executing splitter
ok 10 - invalid and unresolved source rows are accounted diagnostic without executing splitter
  ---
  duration_ms: 25.4196
  type: 'test'
  ...
# Subtest: existing allocation conservation permits exact split and rejects additions/rounding
ok 11 - existing allocation conservation permits exact split and rejects additions/rounding
  ---
  duration_ms: 23.7902
  type: 'test'
  ...
# Subtest: child preserves truthful ACTION_REQUIRED and literal evidence
ok 12 - child preserves truthful ACTION_REQUIRED and literal evidence
  ---
  duration_ms: 0.3453
  type: 'test'
  ...
# Subtest: child preserves truthful CANCELLED and literal evidence
ok 13 - child preserves truthful CANCELLED and literal evidence
  ---
  duration_ms: 0.1016
  type: 'test'
  ...
# Subtest: child preserves truthful NOT_EVALUATED and literal evidence
ok 14 - child preserves truthful NOT_EVALUATED and literal evidence
  ---
  duration_ms: 0.0581
  type: 'test'
  ...
# Subtest: nonzero/signal/malformed/duplicate/missing/unknown payloads never report SUCCESS
ok 15 - nonzero/signal/malformed/duplicate/missing/unknown payloads never report SUCCESS
  ---
  duration_ms: 0.2695
  type: 'test'
  ...
# Subtest: child actual args bind worksheet and same Node binary with existing flags
ok 16 - child actual args bind worksheet and same Node binary with existing flags
  ---
  duration_ms: 2.6486
  type: 'test'
  ...
# Subtest: async spawn error and subsequent close settle once
ok 17 - async spawn error and subsequent close settle once
  ---
  duration_ms: 1.3397
  type: 'test'
  ...
# Subtest: synchronous spawn throw produces bounded per-group error
ok 18 - synchronous spawn throw produces bounded per-group error
  ---
  duration_ms: 1.1969
  type: 'test'
  ...
# Subtest: hung child retains ownership after timeout until actual close
ok 19 - hung child retains ownership after timeout until actual close
  ---
  duration_ms: 91.0639
  type: 'test'
  ...
# Subtest: stdout output limit requests termination without accepting partial payload
ok 20 - stdout output limit requests termination without accepting partial payload
  ---
  duration_ms: 2.1556
  type: 'test'
  ...
# Subtest: stderr output limit requests termination without accepting partial payload
ok 21 - stderr output limit requests termination without accepting partial payload
  ---
  duration_ms: 1.8626
  type: 'test'
  ...
# Subtest: facility aggregation sums canonical quantities while every site/power unknown remains null
ok 22 - facility aggregation sums canonical quantities while every site/power unknown remains null
  ---
  duration_ms: 0.5689
  type: 'test'
  ...
# Subtest: facade limits fail before child work and import remains lazy
ok 23 - facade limits fail before child work and import remains lazy
  ---
  duration_ms: 1.0021
  type: 'test'
  ...
# Subtest: 2 actual offline canonical child returns exact owned order and pending delivery
not ok 24 - 2 actual offline canonical child returns exact owned order and pending delivery
  ---
  duration_ms: 1407.6033
  type: 'test'
  location: 'C:\\Users\\latha\\AppData\\Local\\Temp\\agy-pricing-implementation-20261009\\tests\\unit\\test_multi_grouped_continuation.js:171:33'
  failureType: 'testCodeFailure'
  error: |-
    Canonical evaluator did not exit successfully
    + actual - expected
    
    + 'ERROR'
    - 'ACTION_REQUIRED'
    
  code: 'ERR_ASSERTION'
  name: 'AssertionError'
  expected: 'ACTION_REQUIRED'
  actual: 'ERROR'
  operator: 'strictEqual'
  stack: |-
    TestContext.<anonymous> (C:\Users\latha\AppData\Local\Temp\agy-pricing-implementation-20261009\tests\unit\test_multi_grouped_continuation.js:174:72)
    process.processTicksAndRejections (node:internal/process/task_queues:104:5)
    async Test.run (node:internal/test_runner/test:1389:7)
    async Test.processPendingSubtests (node:internal/test_runner/test:960:7)
  ...
# Subtest: 9 actual offline canonical child returns exact owned order and pending delivery
not ok 25 - 9 actual offline canonical child returns exact owned order and pending delivery
  ---
  duration_ms: 1316.8731
  type: 'test'
  location: 'C:\\Users\\latha\\AppData\\Local\\Temp\\agy-pricing-implementation-20261009\\tests\\unit\\test_multi_grouped_continuation.js:171:33'
  failureType: 'testCodeFailure'
  error: |-
    Canonical evaluator did not exit successfully
    + actual - expected
    
    + 'ERROR'
    - 'ACTION_REQUIRED'
    
  code: 'ERR_ASSERTION'
  name: 'AssertionError'
  expected: 'ACTION_REQUIRED'
  actual: 'ERROR'
  operator: 'strictEqual'
  stack: |-
    TestContext.<anonymous> (C:\Users\latha\AppData\Local\Temp\agy-pricing-implementation-20261009\tests\unit\test_multi_grouped_continuation.js:174:72)
    process.processTicksAndRejections (node:internal/process/task_queues:104:5)
    async Test.run (node:internal/test_runner/test:1389:7)
    async Test.processPendingSubtests (node:internal/test_runner/test:960:7)
  ...
# Subtest: 20 actual offline canonical child returns exact owned order and pending delivery
not ok 26 - 20 actual offline canonical child returns exact owned order and pending delivery
  ---
  duration_ms: 565.3839
  type: 'test'
  location: 'C:\\Users\\latha\\AppData\\Local\\Temp\\agy-pricing-implementation-20261009\\tests\\unit\\test_multi_grouped_continuation.js:171:33'
  failureType: 'testCodeFailure'
  error: |-
    Canonical evaluator did not exit successfully
    + actual - expected
    
    + 'ERROR'
    - 'ACTION_REQUIRED'
    
  code: 'ERR_ASSERTION'
  name: 'AssertionError'
  expected: 'ACTION_REQUIRED'
  actual: 'ERROR'
  operator: 'strictEqual'
  stack: |-
    TestContext.<anonymous> (C:\Users\latha\AppData\Local\Temp\agy-pricing-implementation-20261009\tests\unit\test_multi_grouped_continuation.js:174:72)
    process.processTicksAndRejections (node:internal/process/task_queues:104:5)
    async Test.run (node:internal/test_runner/test:1389:7)
    async Test.processPendingSubtests (node:internal/test_runner/test:960:7)
  ...
# Subtest: mixed sheets account independent groups and keep blocked ownership separate
not ok 27 - mixed sheets account independent groups and keep blocked ownership separate
  ---
  duration_ms: 550.5199
  type: 'test'
  location: 'C:\\Users\\latha\\AppData\\Local\\Temp\\agy-pricing-implementation-20261009\\tests\\unit\\test_multi_grouped_continuation.js:192:1'
  failureType: 'testCodeFailure'
  error: |-
    Expected values to be strictly equal:
    + actual - expected
    
    + 'ERROR'
    - 'ACTION_REQUIRED'
    
  code: 'ERR_ASSERTION'
  name: 'AssertionError'
  expected: 'ACTION_REQUIRED'
  actual: 'ERROR'
  operator: 'strictEqual'
  stack: |-
    TestContext.<anonymous> (C:\Users\latha\AppData\Local\Temp\agy-pricing-implementation-20261009\tests\unit\test_multi_grouped_continuation.js:195:43)
    process.processTicksAndRejections (node:internal/process/task_queues:104:5)
    async Test.run (node:internal/test_runner/test:1389:7)
    async Test.processPendingSubtests (node:internal/test_runner/test:960:7)
  ...
# Subtest: single explicit owner with unowned anchor uses canonical ownership inference
ok 28 - single explicit owner with unowned anchor uses canonical ownership inference
  ---
  duration_ms: 15.1893
  type: 'test'
  ...
1..28
# tests 28
# suites 0
# pass 21
# fail 7
# cancelled 0
# skipped 0
# todo 0
# duration_ms 4666.6808
