TAP version 13
# Subtest: unknown user choice never falls back
ok 1 - unknown user choice never falls back
  ---
  duration_ms: 18.5248
  type: 'test'
  ...
# Subtest: multiple selected platforms fail closed
ok 2 - multiple selected platforms fail closed
  ---
  duration_ms: 2.7093
  type: 'test'
  ...
# Subtest: no candidates yields no invented recommendation
ok 3 - no candidates yields no invented recommendation
  ---
  duration_ms: 2.3961
  type: 'test'
  ...
# Subtest: actual ambiguity stops before handler
ok 4 - actual ambiguity stops before handler
  ---
  duration_ms: 7.7524
  type: 'test'
  ...
# Subtest: record is preference, not hardware verification
ok 5 - record is preference, not hardware verification
  ---
  duration_ms: 20.2898
  type: 'test'
  ...
# Subtest: recorded choice consumed before sizing handler
ok 6 - recorded choice consumed before sizing handler
  ---
  duration_ms: 7.7454
  type: 'test'
  ...
# Subtest: unrelated query does not consume choice
ok 7 - unrelated query does not consume choice
  ---
  duration_ms: 3.783
  type: 'test'
  ...
# Subtest: conflicting explicit platform wins
ok 8 - conflicting explicit platform wins
  ---
  duration_ms: 5.0619
  type: 'test'
  ...
# Subtest: explicit context is not proof of learning
ok 9 - explicit context is not proof of learning
  ---
  duration_ms: 7.2369
  type: 'test'
  ...
# Subtest: loop proves real memory use without context injection
ok 10 - loop proves real memory use without context injection
  ---
  duration_ms: 6.6345
  type: 'test'
  ...
# Subtest: fresh process consumes persisted preference
ok 11 - fresh process consumes persisted preference
  ---
  duration_ms: 88.8381
  type: 'test'
  ...
# Subtest: base SKU derives actual catalog and unknown yields null
ok 12 - base SKU derives actual catalog and unknown yields null
  ---
  duration_ms: 4.2828
  type: 'test'
  ...
# Subtest: invalid selected platform cannot be recorded
ok 13 - invalid selected platform cannot be recorded
  ---
  duration_ms: 3.013
  type: 'test'
  ...
# Subtest: changed candidate scope is retrieved but not used
ok 14 - changed candidate scope is retrieved but not used
  ---
  duration_ms: 6.6232
  type: 'test'
  ...
# Subtest: corrupt preference fails transparently before handler
ok 15 - corrupt preference fails transparently before handler
  ---
  duration_ms: 6.7972
  type: 'test'
  ...
# Subtest: ambiguous result keeps common trace and diagnostic contract
ok 16 - ambiguous result keeps common trace and diagnostic contract
  ---
  duration_ms: 5.2565
  type: 'test'
  ...
# Subtest: 17 route dispatches preserve intent and invoke exact handler once
ok 17 - 17 route dispatches preserve intent and invoke exact handler once
  ---
  duration_ms: 89.4307
  type: 'test'
  ...
1..17
# tests 17
# suites 0
# pass 17
# fail 0
# cancelled 0
# skipped 0
# todo 0
# duration_ms 407.2061
