================================================================
RUN ID:       run_DL380_Gen12_SFF_1786433663681
SESSION:      DL380_Gen12_SFF
START TIME:   2026-08-11T07:34:23.681Z
END TIME:     2026-08-11T07:34:23.713Z (0.03s)
STATUS:       COMPLETED
ERRORS:       0
WARNINGS:     0
SKUS PROC:    14
----------------------------------------------------------------
STEPS EXECUTED:
  [2026-08-11T07:34:23.681Z] [SUCCESS ] Initialize Classification Engine
  [2026-08-11T07:34:23.707Z] [SUCCESS ] Step 5: Catalog Diff Engine
  [2026-08-11T07:34:23.709Z] [SUCCESS ] Pre-Commit Data Integrity Validation
  [2026-08-11T07:34:23.712Z] [SUCCESS ] Step 6: Atomic Save Output JSON
================================================================

================================================================
RUN ID:       run_DL380_Gen12_SFF_1786433717076
SESSION:      DL380_Gen12_SFF
START TIME:   2026-08-11T07:35:17.076Z
END TIME:     2026-08-11T07:35:17.109Z (0.03s)
STATUS:       COMPLETED
ERRORS:       0
WARNINGS:     0
SKUS PROC:    14
----------------------------------------------------------------
STEPS EXECUTED:
  [2026-08-11T07:35:17.076Z] [SUCCESS ] Initialize Classification Engine
  [2026-08-11T07:35:17.103Z] [SUCCESS ] Step 5: Catalog Diff Engine
  [2026-08-11T07:35:17.105Z] [SUCCESS ] Pre-Commit Data Integrity Validation
  [2026-08-11T07:35:17.108Z] [SUCCESS ] Step 6: Atomic Save Output JSON
================================================================

================================================================
RUN ID:       run_DL380_Gen12_SFF_1786433785730
SESSION:      DL380_Gen12_SFF
START TIME:   2026-08-11T07:36:25.730Z
END TIME:     2026-08-11T07:36:25.761Z (0.03s)
STATUS:       COMPLETED
ERRORS:       0
WARNINGS:     0
SKUS PROC:    14
----------------------------------------------------------------
STEPS EXECUTED:
  [2026-08-11T07:36:25.730Z] [SUCCESS ] Initialize Classification Engine
  [2026-08-11T07:36:25.757Z] [SUCCESS ] Step 5: Catalog Diff Engine
  [2026-08-11T07:36:25.758Z] [SUCCESS ] Pre-Commit Data Integrity Validation
  [2026-08-11T07:36:25.761Z] [SUCCESS ] Step 6: Atomic Save Output JSON
================================================================

================================================================
RUN ID:       run_DL380_Gen12_SFF_1786433792023
SESSION:      DL380_Gen12_SFF
START TIME:   2026-08-11T07:36:32.023Z
END TIME:     2026-08-11T07:36:32.055Z (0.03s)
STATUS:       COMPLETED
ERRORS:       0
WARNINGS:     0
SKUS PROC:    14
----------------------------------------------------------------
STEPS EXECUTED:
  [2026-08-11T07:36:32.023Z] [SUCCESS ] Initialize Classification Engine
  [2026-08-11T07:36:32.051Z] [SUCCESS ] Step 5: Catalog Diff Engine
  [2026-08-11T07:36:32.052Z] [SUCCESS ] Pre-Commit Data Integrity Validation
  [2026-08-11T07:36:32.054Z] [SUCCESS ] Step 6: Atomic Save Output JSON
================================================================

================================================================
RUN ID:       run_DL380_Gen12_SFF_1786519321692
SESSION:      DL380_Gen12_SFF
START TIME:   2026-08-12T07:22:01.692Z
END TIME:     2026-08-12T07:22:01.962Z (0.27s)
STATUS:       COMPLETED
ERRORS:       0
WARNINGS:     3
SKUS PROC:    796
----------------------------------------------------------------
STEPS EXECUTED:
  [2026-08-12T07:22:01.692Z] [SUCCESS ] Initialize Classification Engine
  [2026-08-12T07:22:01.919Z] [SUCCESS ] Step 5: Catalog Diff Engine
  [2026-08-12T07:22:01.933Z] [SUCCESS ] Pre-Commit Data Integrity Validation
  [2026-08-12T07:22:01.961Z] [SUCCESS ] Step 6: Atomic Save Output JSON
WARNINGS:
  ⚠️ Base Chassis Variant SKU [P78064-B21] has $0 list price. Verify if CTO chassis price was scraped correctly.
  ⚠️ Base Chassis Variant SKU [P78058-B21] has $0 list price. Verify if CTO chassis price was scraped correctly.
  ⚠️ Base Chassis Variant SKU [P78061-B21] has $0 list price. Verify if CTO chassis price was scraped correctly.
================================================================

================================================================
RUN ID:       run_DL380_Gen12_SFF_1786629778638
SESSION:      DL380_Gen12_SFF
START TIME:   2026-08-13T14:02:58.637Z
END TIME:     2026-08-13T14:02:59.239Z (0.60s)
STATUS:       COMPLETED
ERRORS:       0
WARNINGS:     3
SKUS PROC:    284
----------------------------------------------------------------
STEPS EXECUTED:
  [2026-08-13T14:02:58.642Z] [SUCCESS ] Initialize Classification Engine
  [2026-08-13T14:02:59.140Z] [SUCCESS ] Step 5: Catalog Diff Engine
  [2026-08-13T14:02:59.151Z] [SUCCESS ] Pre-Commit Data Integrity Validation
  [2026-08-13T14:02:59.239Z] [SUCCESS ] Step 6: Atomic Save Output JSON
WARNINGS:
  ⚠️ Base Chassis Variant SKU [P78064-B21] has $0 list price. Verify if CTO chassis price was scraped correctly.
  ⚠️ Base Chassis Variant SKU [P78058-B21] has $0 list price. Verify if CTO chassis price was scraped correctly.
  ⚠️ Base Chassis Variant SKU [P78061-B21] has $0 list price. Verify if CTO chassis price was scraped correctly.
================================================================

================================================================
RUN ID:       run_DL380_Gen12_SFF_1786630124742
SESSION:      DL380_Gen12_SFF
START TIME:   2026-08-13T14:08:44.741Z
END TIME:     2026-08-13T14:08:45.388Z (0.65s)
STATUS:       COMPLETED
ERRORS:       0
WARNINGS:     3
SKUS PROC:    284
----------------------------------------------------------------
STEPS EXECUTED:
  [2026-08-13T14:08:44.742Z] [SUCCESS ] Initialize Classification Engine
  [2026-08-13T14:08:45.306Z] [SUCCESS ] Step 5: Catalog Diff Engine
  [2026-08-13T14:08:45.327Z] [SUCCESS ] Pre-Commit Data Integrity Validation
  [2026-08-13T14:08:45.388Z] [SUCCESS ] Step 6: Atomic Save Output JSON
WARNINGS:
  ⚠️ Base Chassis Variant SKU [P78064-B21] has $0 list price. Verify if CTO chassis price was scraped correctly.
  ⚠️ Base Chassis Variant SKU [P78058-B21] has $0 list price. Verify if CTO chassis price was scraped correctly.
  ⚠️ Base Chassis Variant SKU [P78061-B21] has $0 list price. Verify if CTO chassis price was scraped correctly.
================================================================

================================================================
RUN ID:       run_DL380_Gen12_SFF_1786709260060
SESSION:      DL380_Gen12_SFF
START TIME:   2026-08-14T12:07:40.059Z
END TIME:     2026-08-14T12:07:40.851Z (0.79s)
STATUS:       COMPLETED
ERRORS:       0
WARNINGS:     3
SKUS PROC:    284
----------------------------------------------------------------
STEPS EXECUTED:
  [2026-08-14T12:07:40.060Z] [SUCCESS ] Initialize Classification Engine
  [2026-08-14T12:07:40.713Z] [SUCCESS ] Step 5: Catalog Diff Engine
  [2026-08-14T12:07:40.730Z] [SUCCESS ] Pre-Commit Data Integrity Validation
  [2026-08-14T12:07:40.851Z] [SUCCESS ] Step 6: Atomic Save Output JSON
WARNINGS:
  ⚠️ Base Chassis Variant SKU [P78064-B21] has $0 list price. Verify if CTO chassis price was scraped correctly.
  ⚠️ Base Chassis Variant SKU [P78058-B21] has $0 list price. Verify if CTO chassis price was scraped correctly.
  ⚠️ Base Chassis Variant SKU [P78061-B21] has $0 list price. Verify if CTO chassis price was scraped correctly.
================================================================

================================================================
RUN ID:       run_DL380_Gen12_SFF_1786710669848
SESSION:      DL380_Gen12_SFF
START TIME:   2026-08-14T12:31:09.848Z
END TIME:     2026-08-14T12:31:10.271Z (0.42s)
STATUS:       COMPLETED
ERRORS:       0
WARNINGS:     3
SKUS PROC:    284
----------------------------------------------------------------
STEPS EXECUTED:
  [2026-08-14T12:31:09.848Z] [SUCCESS ] Initialize Classification Engine
  [2026-08-14T12:31:10.209Z] [SUCCESS ] Step 5: Catalog Diff Engine
  [2026-08-14T12:31:10.214Z] [SUCCESS ] Pre-Commit Data Integrity Validation
  [2026-08-14T12:31:10.270Z] [SUCCESS ] Step 6: Atomic Save Output JSON
WARNINGS:
  ⚠️ Base Chassis Variant SKU [P78064-B21] has $0 list price. Verify if CTO chassis price was scraped correctly.
  ⚠️ Base Chassis Variant SKU [P78058-B21] has $0 list price. Verify if CTO chassis price was scraped correctly.
  ⚠️ Base Chassis Variant SKU [P78061-B21] has $0 list price. Verify if CTO chassis price was scraped correctly.
================================================================

================================================================
RUN ID:       run_DL380_Gen12_SFF_1786710717184
SESSION:      DL380_Gen12_SFF
START TIME:   2026-08-14T12:31:57.183Z
END TIME:     2026-08-14T12:31:57.566Z (0.38s)
STATUS:       COMPLETED
ERRORS:       0
WARNINGS:     3
SKUS PROC:    284
----------------------------------------------------------------
STEPS EXECUTED:
  [2026-08-14T12:31:57.184Z] [SUCCESS ] Initialize Classification Engine
  [2026-08-14T12:31:57.493Z] [SUCCESS ] Step 5: Catalog Diff Engine
  [2026-08-14T12:31:57.498Z] [SUCCESS ] Pre-Commit Data Integrity Validation
  [2026-08-14T12:31:57.566Z] [SUCCESS ] Step 6: Atomic Save Output JSON
WARNINGS:
  ⚠️ Base Chassis Variant SKU [P78064-B21] has $0 list price. Verify if CTO chassis price was scraped correctly.
  ⚠️ Base Chassis Variant SKU [P78058-B21] has $0 list price. Verify if CTO chassis price was scraped correctly.
  ⚠️ Base Chassis Variant SKU [P78061-B21] has $0 list price. Verify if CTO chassis price was scraped correctly.
================================================================

================================================================
RUN ID:       run_DL380_Gen12_SFF_1786710773664
SESSION:      DL380_Gen12_SFF
START TIME:   2026-08-14T12:32:53.663Z
END TIME:     2026-08-14T12:32:54.043Z (0.38s)
STATUS:       COMPLETED
ERRORS:       0
WARNINGS:     3
SKUS PROC:    284
----------------------------------------------------------------
STEPS EXECUTED:
  [2026-08-14T12:32:53.664Z] [SUCCESS ] Initialize Classification Engine
  [2026-08-14T12:32:53.963Z] [SUCCESS ] Step 5: Catalog Diff Engine
  [2026-08-14T12:32:53.970Z] [SUCCESS ] Pre-Commit Data Integrity Validation
  [2026-08-14T12:32:54.043Z] [SUCCESS ] Step 6: Atomic Save Output JSON
WARNINGS:
  ⚠️ Base Chassis Variant SKU [P78064-B21] has $0 list price. Verify if CTO chassis price was scraped correctly.
  ⚠️ Base Chassis Variant SKU [P78058-B21] has $0 list price. Verify if CTO chassis price was scraped correctly.
  ⚠️ Base Chassis Variant SKU [P78061-B21] has $0 list price. Verify if CTO chassis price was scraped correctly.
================================================================

================================================================
RUN ID:       run_DL380_Gen12_SFF_1786710832678
SESSION:      DL380_Gen12_SFF
START TIME:   2026-08-14T12:33:52.678Z
END TIME:     2026-08-14T12:33:53.062Z (0.38s)
STATUS:       COMPLETED
ERRORS:       0
WARNINGS:     3
SKUS PROC:    284
----------------------------------------------------------------
STEPS EXECUTED:
  [2026-08-14T12:33:52.678Z] [SUCCESS ] Initialize Classification Engine
  [2026-08-14T12:33:52.987Z] [SUCCESS ] Step 5: Catalog Diff Engine
  [2026-08-14T12:33:52.991Z] [SUCCESS ] Pre-Commit Data Integrity Validation
  [2026-08-14T12:33:53.062Z] [SUCCESS ] Step 6: Atomic Save Output JSON
WARNINGS:
  ⚠️ Base Chassis Variant SKU [P78064-B21] has $0 list price. Verify if CTO chassis price was scraped correctly.
  ⚠️ Base Chassis Variant SKU [P78058-B21] has $0 list price. Verify if CTO chassis price was scraped correctly.
  ⚠️ Base Chassis Variant SKU [P78061-B21] has $0 list price. Verify if CTO chassis price was scraped correctly.
================================================================

================================================================
RUN ID:       run_DL380_Gen12_SFF_1786710941460
SESSION:      DL380_Gen12_SFF
START TIME:   2026-08-14T12:35:41.452Z
END TIME:     2026-08-14T12:35:41.958Z (0.51s)
STATUS:       COMPLETED
ERRORS:       0
WARNINGS:     3
SKUS PROC:    284
----------------------------------------------------------------
STEPS EXECUTED:
  [2026-08-14T12:35:41.460Z] [SUCCESS ] Initialize Classification Engine
  [2026-08-14T12:35:41.836Z] [SUCCESS ] Step 5: Catalog Diff Engine
  [2026-08-14T12:35:41.845Z] [SUCCESS ] Pre-Commit Data Integrity Validation
  [2026-08-14T12:35:41.958Z] [SUCCESS ] Step 6: Atomic Save Output JSON
WARNINGS:
  ⚠️ Base Chassis Variant SKU [P78064-B21] has $0 list price. Verify if CTO chassis price was scraped correctly.
  ⚠️ Base Chassis Variant SKU [P78058-B21] has $0 list price. Verify if CTO chassis price was scraped correctly.
  ⚠️ Base Chassis Variant SKU [P78061-B21] has $0 list price. Verify if CTO chassis price was scraped correctly.
================================================================

================================================================
RUN ID:       run_DL380_Gen12_SFF_1786710999228
SESSION:      DL380_Gen12_SFF
START TIME:   2026-08-14T12:36:39.227Z
END TIME:     2026-08-14T12:36:39.694Z (0.47s)
STATUS:       COMPLETED
ERRORS:       0
WARNINGS:     3
SKUS PROC:    284
----------------------------------------------------------------
STEPS EXECUTED:
  [2026-08-14T12:36:39.228Z] [SUCCESS ] Initialize Classification Engine
  [2026-08-14T12:36:39.551Z] [SUCCESS ] Step 5: Catalog Diff Engine
  [2026-08-14T12:36:39.559Z] [SUCCESS ] Pre-Commit Data Integrity Validation
  [2026-08-14T12:36:39.694Z] [SUCCESS ] Step 6: Atomic Save Output JSON
WARNINGS:
  ⚠️ Base Chassis Variant SKU [P78064-B21] has $0 list price. Verify if CTO chassis price was scraped correctly.
  ⚠️ Base Chassis Variant SKU [P78058-B21] has $0 list price. Verify if CTO chassis price was scraped correctly.
  ⚠️ Base Chassis Variant SKU [P78061-B21] has $0 list price. Verify if CTO chassis price was scraped correctly.
================================================================

================================================================
RUN ID:       run_DL380_Gen12_SFF_1786878150477
SESSION:      DL380_Gen12_SFF
START TIME:   2026-08-16T11:02:30.476Z
END TIME:     2026-08-16T11:02:30.861Z (0.39s)
STATUS:       COMPLETED
ERRORS:       0
WARNINGS:     0
SKUS PROC:    255
----------------------------------------------------------------
STEPS EXECUTED:
  [2026-08-16T11:02:30.477Z] [SUCCESS ] Initialize Classification Engine
  [2026-08-16T11:02:30.781Z] [SUCCESS ] Step 5: Catalog Diff Engine
  [2026-08-16T11:02:30.788Z] [SUCCESS ] Pre-Commit Data Integrity Validation
  [2026-08-16T11:02:30.861Z] [SUCCESS ] Step 6: Atomic Save Output JSON
================================================================

================================================================
RUN ID:       run_DL380_Gen12_SFF_1786878228590
SESSION:      DL380_Gen12_SFF
START TIME:   2026-08-16T11:03:48.589Z
END TIME:     2026-08-16T11:03:48.962Z (0.37s)
STATUS:       COMPLETED
ERRORS:       0
WARNINGS:     0
SKUS PROC:    261
----------------------------------------------------------------
STEPS EXECUTED:
  [2026-08-16T11:03:48.590Z] [SUCCESS ] Initialize Classification Engine
  [2026-08-16T11:03:48.875Z] [SUCCESS ] Step 5: Catalog Diff Engine
  [2026-08-16T11:03:48.884Z] [SUCCESS ] Pre-Commit Data Integrity Validation
  [2026-08-16T11:03:48.961Z] [SUCCESS ] Step 6: Atomic Save Output JSON
================================================================

================================================================
RUN ID:       run_DL380_Gen12_SFF_1786878259089
SESSION:      DL380_Gen12_SFF
START TIME:   2026-08-16T11:04:19.089Z
END TIME:     2026-08-16T11:04:19.520Z (0.43s)
STATUS:       COMPLETED
ERRORS:       0
WARNINGS:     0
SKUS PROC:    261
----------------------------------------------------------------
STEPS EXECUTED:
  [2026-08-16T11:04:19.089Z] [SUCCESS ] Initialize Classification Engine
  [2026-08-16T11:04:19.434Z] [SUCCESS ] Step 5: Catalog Diff Engine
  [2026-08-16T11:04:19.440Z] [SUCCESS ] Pre-Commit Data Integrity Validation
  [2026-08-16T11:04:19.519Z] [SUCCESS ] Step 6: Atomic Save Output JSON
================================================================

================================================================
RUN ID:       run_DL380_Gen12_SFF_1787142880521
SESSION:      DL380_Gen12_SFF
START TIME:   2026-08-19T12:34:40.515Z
END TIME:     2026-08-19T12:34:41.035Z (0.52s)
STATUS:       COMPLETED
ERRORS:       0
WARNINGS:     0
SKUS PROC:    261
----------------------------------------------------------------
STEPS EXECUTED:
  [2026-08-19T12:34:40.521Z] [SUCCESS ] Initialize Classification Engine
  [2026-08-19T12:34:40.933Z] [SUCCESS ] Step 5: Catalog Diff Engine
  [2026-08-19T12:34:40.939Z] [SUCCESS ] Pre-Commit Data Integrity Validation
  [2026-08-19T12:34:41.034Z] [SUCCESS ] Step 6: Atomic Save Output JSON
================================================================

================================================================
RUN ID:       run_DL380_Gen12_SFF_1787142915469
SESSION:      DL380_Gen12_SFF
START TIME:   2026-08-19T12:35:15.469Z
END TIME:     2026-08-19T12:35:15.867Z (0.40s)
STATUS:       COMPLETED
ERRORS:       0
WARNINGS:     0
SKUS PROC:    261
----------------------------------------------------------------
STEPS EXECUTED:
  [2026-08-19T12:35:15.470Z] [SUCCESS ] Initialize Classification Engine
  [2026-08-19T12:35:15.763Z] [SUCCESS ] Step 5: Catalog Diff Engine
  [2026-08-19T12:35:15.771Z] [SUCCESS ] Pre-Commit Data Integrity Validation
  [2026-08-19T12:35:15.866Z] [SUCCESS ] Step 6: Atomic Save Output JSON
================================================================

================================================================
RUN ID:       run_DL380_Gen12_SFF_1787143112974
SESSION:      DL380_Gen12_SFF
START TIME:   2026-08-19T12:38:32.974Z
END TIME:     2026-08-19T12:38:33.388Z (0.41s)
STATUS:       COMPLETED
ERRORS:       0
WARNINGS:     0
SKUS PROC:    261
----------------------------------------------------------------
STEPS EXECUTED:
  [2026-08-19T12:38:32.975Z] [SUCCESS ] Initialize Classification Engine
  [2026-08-19T12:38:33.294Z] [SUCCESS ] Step 5: Catalog Diff Engine
  [2026-08-19T12:38:33.301Z] [SUCCESS ] Pre-Commit Data Integrity Validation
  [2026-08-19T12:38:33.388Z] [SUCCESS ] Step 6: Atomic Save Output JSON
================================================================

================================================================
RUN ID:       run_DL380_Gen12_SFF_1787144460432
SESSION:      DL380_Gen12_SFF
START TIME:   2026-08-19T13:01:00.431Z
END TIME:     2026-08-19T13:01:00.968Z (0.54s)
STATUS:       COMPLETED
ERRORS:       0
WARNINGS:     0
SKUS PROC:    261
----------------------------------------------------------------
STEPS EXECUTED:
  [2026-08-19T13:01:00.432Z] [SUCCESS ] Initialize Classification Engine
  [2026-08-19T13:01:00.859Z] [SUCCESS ] Step 5: Catalog Diff Engine
  [2026-08-19T13:01:00.867Z] [SUCCESS ] Pre-Commit Data Integrity Validation
  [2026-08-19T13:01:00.968Z] [SUCCESS ] Step 6: Atomic Save Output JSON
================================================================

================================================================
RUN ID:       run_DL380_Gen12_SFF_1787390831995
SESSION:      DL380_Gen12_SFF
START TIME:   2026-08-22T09:27:11.994Z
END TIME:     2026-08-22T09:27:12.478Z (0.48s)
STATUS:       COMPLETED
ERRORS:       0
WARNINGS:     0
SKUS PROC:    261
----------------------------------------------------------------
STEPS EXECUTED:
  [2026-08-22T09:27:11.995Z] [SUCCESS ] Initialize Classification Engine
  [2026-08-22T09:27:12.373Z] [SUCCESS ] Step 5: Catalog Diff Engine
  [2026-08-22T09:27:12.381Z] [SUCCESS ] Pre-Commit Data Integrity Validation
  [2026-08-22T09:27:12.478Z] [SUCCESS ] Step 6: Atomic Save Output JSON
================================================================

================================================================
RUN ID:       run_DL380_Gen12_SFF_1787390848797
SESSION:      DL380_Gen12_SFF
START TIME:   2026-08-22T09:27:28.796Z
END TIME:     2026-08-22T09:27:29.186Z (0.39s)
STATUS:       COMPLETED
ERRORS:       0
WARNINGS:     0
SKUS PROC:    261
----------------------------------------------------------------
STEPS EXECUTED:
  [2026-08-22T09:27:28.797Z] [SUCCESS ] Initialize Classification Engine
  [2026-08-22T09:27:29.095Z] [SUCCESS ] Step 5: Catalog Diff Engine
  [2026-08-22T09:27:29.104Z] [SUCCESS ] Pre-Commit Data Integrity Validation
  [2026-08-22T09:27:29.185Z] [SUCCESS ] Step 6: Atomic Save Output JSON
================================================================

================================================================
RUN ID:       run_DL380_Gen12_SFF_1787390929600
SESSION:      DL380_Gen12_SFF
START TIME:   2026-08-22T09:28:49.600Z
END TIME:     2026-08-22T09:28:50.036Z (0.44s)
STATUS:       COMPLETED
ERRORS:       0
WARNINGS:     0
SKUS PROC:    261
----------------------------------------------------------------
STEPS EXECUTED:
  [2026-08-22T09:28:49.600Z] [SUCCESS ] Initialize Classification Engine
  [2026-08-22T09:28:49.924Z] [SUCCESS ] Step 5: Catalog Diff Engine
  [2026-08-22T09:28:49.932Z] [SUCCESS ] Pre-Commit Data Integrity Validation
  [2026-08-22T09:28:50.036Z] [SUCCESS ] Step 6: Atomic Save Output JSON
================================================================

================================================================
RUN ID:       run_DL380_Gen12_SFF_1787391295149
SESSION:      DL380_Gen12_SFF
START TIME:   2026-08-22T09:34:55.149Z
END TIME:     2026-08-22T09:34:55.906Z (0.76s)
STATUS:       COMPLETED
ERRORS:       0
WARNINGS:     0
SKUS PROC:    261
----------------------------------------------------------------
STEPS EXECUTED:
  [2026-08-22T09:34:55.150Z] [SUCCESS ] Initialize Classification Engine
  [2026-08-22T09:34:55.758Z] [SUCCESS ] Step 5: Catalog Diff Engine
  [2026-08-22T09:34:55.769Z] [SUCCESS ] Pre-Commit Data Integrity Validation
  [2026-08-22T09:34:55.906Z] [SUCCESS ] Step 6: Atomic Save Output JSON
================================================================

================================================================
RUN ID:       run_DL380_Gen12_SFF_1787391816141
SESSION:      DL380_Gen12_SFF
START TIME:   2026-08-22T09:43:36.140Z
END TIME:     2026-08-22T09:43:36.779Z (0.64s)
STATUS:       COMPLETED
ERRORS:       0
WARNINGS:     0
SKUS PROC:    261
----------------------------------------------------------------
STEPS EXECUTED:
  [2026-08-22T09:43:36.141Z] [SUCCESS ] Initialize Classification Engine
  [2026-08-22T09:43:36.634Z] [SUCCESS ] Step 5: Catalog Diff Engine
  [2026-08-22T09:43:36.642Z] [SUCCESS ] Pre-Commit Data Integrity Validation
  [2026-08-22T09:43:36.779Z] [SUCCESS ] Step 6: Atomic Save Output JSON
================================================================

================================================================
RUN ID:       run_DL380_Gen12_SFF_1787391836467
SESSION:      DL380_Gen12_SFF
START TIME:   2026-08-22T09:43:56.466Z
END TIME:     2026-08-22T09:43:57.066Z (0.60s)
STATUS:       COMPLETED
ERRORS:       0
WARNINGS:     0
SKUS PROC:    261
----------------------------------------------------------------
STEPS EXECUTED:
  [2026-08-22T09:43:56.467Z] [SUCCESS ] Initialize Classification Engine
  [2026-08-22T09:43:56.960Z] [SUCCESS ] Step 5: Catalog Diff Engine
  [2026-08-22T09:43:56.968Z] [SUCCESS ] Pre-Commit Data Integrity Validation
  [2026-08-22T09:43:57.066Z] [SUCCESS ] Step 6: Atomic Save Output JSON
================================================================

================================================================
RUN ID:       run_DL380_Gen12_SFF_1787391862489
SESSION:      DL380_Gen12_SFF
START TIME:   2026-08-22T09:44:22.488Z
END TIME:     2026-08-22T09:44:23.207Z (0.72s)
STATUS:       COMPLETED
ERRORS:       0
WARNINGS:     0
SKUS PROC:    261
----------------------------------------------------------------
STEPS EXECUTED:
  [2026-08-22T09:44:22.489Z] [SUCCESS ] Initialize Classification Engine
  [2026-08-22T09:44:23.056Z] [SUCCESS ] Step 5: Catalog Diff Engine
  [2026-08-22T09:44:23.065Z] [SUCCESS ] Pre-Commit Data Integrity Validation
  [2026-08-22T09:44:23.207Z] [SUCCESS ] Step 6: Atomic Save Output JSON
================================================================

================================================================
RUN ID:       run_DL380_Gen12_SFF_1787391885441
SESSION:      DL380_Gen12_SFF
START TIME:   2026-08-22T09:44:45.441Z
END TIME:     2026-08-22T09:44:46.064Z (0.62s)
STATUS:       COMPLETED
ERRORS:       0
WARNINGS:     0
SKUS PROC:    264
----------------------------------------------------------------
STEPS EXECUTED:
  [2026-08-22T09:44:45.441Z] [SUCCESS ] Initialize Classification Engine
  [2026-08-22T09:44:45.955Z] [SUCCESS ] Step 5: Catalog Diff Engine
  [2026-08-22T09:44:45.963Z] [SUCCESS ] Pre-Commit Data Integrity Validation
  [2026-08-22T09:44:46.064Z] [SUCCESS ] Step 6: Atomic Save Output JSON
================================================================

================================================================
RUN ID:       run_DL380_Gen12_SFF_1787391908789
SESSION:      DL380_Gen12_SFF
START TIME:   2026-08-22T09:45:08.788Z
END TIME:     2026-08-22T09:45:09.254Z (0.47s)
STATUS:       COMPLETED
ERRORS:       0
WARNINGS:     0
SKUS PROC:    261
----------------------------------------------------------------
STEPS EXECUTED:
  [2026-08-22T09:45:08.789Z] [SUCCESS ] Initialize Classification Engine
  [2026-08-22T09:45:09.158Z] [SUCCESS ] Step 5: Catalog Diff Engine
  [2026-08-22T09:45:09.163Z] [SUCCESS ] Pre-Commit Data Integrity Validation
  [2026-08-22T09:45:09.254Z] [SUCCESS ] Step 6: Atomic Save Output JSON
================================================================

================================================================
RUN ID:       run_DL380_Gen12_SFF_1787392075022
SESSION:      DL380_Gen12_SFF
START TIME:   2026-08-22T09:47:55.021Z
END TIME:     2026-08-22T09:47:55.475Z (0.45s)
STATUS:       COMPLETED
ERRORS:       0
WARNINGS:     0
SKUS PROC:    261
----------------------------------------------------------------
STEPS EXECUTED:
  [2026-08-22T09:47:55.022Z] [SUCCESS ] Initialize Classification Engine
  [2026-08-22T09:47:55.382Z] [SUCCESS ] Step 5: Catalog Diff Engine
  [2026-08-22T09:47:55.389Z] [SUCCESS ] Pre-Commit Data Integrity Validation
  [2026-08-22T09:47:55.474Z] [SUCCESS ] Step 6: Atomic Save Output JSON
================================================================

================================================================
RUN ID:       run_DL380_Gen12_SFF_1787401795407
SESSION:      DL380_Gen12_SFF
START TIME:   2026-08-22T12:29:55.407Z
END TIME:     2026-08-22T12:29:55.828Z (0.42s)
STATUS:       COMPLETED
ERRORS:       0
WARNINGS:     0
SKUS PROC:    262
----------------------------------------------------------------
STEPS EXECUTED:
  [2026-08-22T12:29:55.407Z] [SUCCESS ] Initialize Classification Engine
  [2026-08-22T12:29:55.754Z] [SUCCESS ] Step 5: Catalog Diff Engine
  [2026-08-22T12:29:55.763Z] [SUCCESS ] Pre-Commit Data Integrity Validation
  [2026-08-22T12:29:55.828Z] [SUCCESS ] Step 6: Atomic Save Output JSON
================================================================

================================================================
RUN ID:       run_DL380_Gen12_SFF_1787401875786
SESSION:      DL380_Gen12_SFF
START TIME:   2026-08-22T12:31:15.785Z
END TIME:     2026-08-22T12:31:16.190Z (0.41s)
STATUS:       COMPLETED
ERRORS:       0
WARNINGS:     0
SKUS PROC:    262
----------------------------------------------------------------
STEPS EXECUTED:
  [2026-08-22T12:31:15.786Z] [SUCCESS ] Initialize Classification Engine
  [2026-08-22T12:31:16.102Z] [SUCCESS ] Step 5: Catalog Diff Engine
  [2026-08-22T12:31:16.108Z] [SUCCESS ] Pre-Commit Data Integrity Validation
  [2026-08-22T12:31:16.189Z] [SUCCESS ] Step 6: Atomic Save Output JSON
================================================================

